Traceback (most recent call last):
  File "C:\Users\Robert Walter-Joseph\Code Projects\squall-cove-large\sound\render_all.py", line 19, in <module>
    if __name__ == '__main__': main()
                               ^^^^^^
  File "C:\Users\Robert Walter-Joseph\Code Projects\squall-cove-large\sound\render_all.py", line 10, in main
    t0 = time.time(); m = importlib.import_module(name); m.render(); print('%-18s %.1fs' % (name, time.time() - t0))
                          ^^^^^^^^^^^^^^^^^^^^^^^^^^^^^
  File "C:\Users\Robert Walter-Joseph\AppData\Local\Programs\Python\Python311\Lib\importlib\__init__.py", line 126, in import_module
    return _bootstrap._gcd_import(name[level:], package, level)
           ^^^^^^^^^^^^^^^^^^^^^^^^^^^^^^^^^^^^^^^^^^^^^^^^^^^^
  File "<frozen importlib._bootstrap>", line 1204, in _gcd_import
  File "<frozen importlib._bootstrap>", line 1176, in _find_and_load
  File "<frozen importlib._bootstrap>", line 1147, in _find_and_load_unlocked
  File "<frozen importlib._bootstrap>", line 690, in _load_unlocked
  File "<frozen importlib._bootstrap_external>", line 936, in exec_module
  File "<frozen importlib._bootstrap_external>", line 1074, in get_code
  File "<frozen importlib._bootstrap_external>", line 1004, in source_to_code
  File "<frozen importlib._bootstrap>", line 241, in _call_with_frames_removed
  File "C:\Users\Robert Walter-Joseph\Code Projects\squall-cove-large\sound\gen_vehicles.py", line 329
    cr = S.bp(S.noise(n, 'white', r), 200, 1800, SR, 1) * np.exp(-np.arange(n) / (0.08 * SR))
                                                                                             ^
IndentationError: unindent does not match any outer indentation level
