[lemnos_myrina] DEM z14 ...
[lemnos_myrina] Overpass ...
   osm group 421efc8f548c 124
   osm group 387f02b55d1c 488
   osm group 52f81d389364 515
   osm group 081959641701 515
   osm group f573c922eeb0 517
   osm group 45f8848e3cbc 519
   http retry 0 https://overpass-api.de/api/interpreter HTTP Error 504: Gateway Timeout
   http retry 1 https://overpass-api.de/api/interpreter HTTP Error 504: Gateway Timeout
   http retry 0 https://overpass.kumi.systems/api/interpreter HTTP Error 500: Internal Server Error
   osm group fedbee2b8e50 519
   osm group 558a407c5cd5 519
   osm group 03a09149e839 519
   osm group c92acd7db3c8 519
   osm group f62a94b28bdb 556
   osm group 7aa159fa4253 560
   osm group c3692d10a8d1 564
   osm group b42bb3df06fb 566
    {'id': 'lemnos_myrina', 'centre': [39.87605, 25.05666], 'size_m': 768.0, 'cell_m': 3.0, 'hmin': -9.0, 'hmax': 89.1220703125, 'water_frac': 0.392, 'slope_gt20': 0.284, 'buildings': 272, 'roads': 92, 'road_m': 6915, 'landcover': 17, 'towers': 1, 'aeroways': 0, 'harbour': 1, 'coast_pts': 7156}
   wrote C:\Users\Robert Walter-Joseph\Code Projects\squall-cove-large\assets\map_lemnos_myrina.json  0.42 MB
