[scan_mudros] DEM z14 ...
[scan_mudros] Overpass ...
   osm 713bce6dcaf8 198
   osm ce5e629b3c03 869
   osm 37df5d65798d 917
   osm 15cf11a82b9e 917
   osm 97174cf0a417 942
   osm 9575757066ad 950
   osm 6db1252b08c1 951
   osm edeb00a86aab 951
   osm 155978fb99a5 951
   osm db5a9e2f594b 951
   osm de4544feeb2c 963
   osm d8a05ac8e71c 969
   osm 9f8c7e980506 972
   osm 672bdf65edfb 1000
    {'id': 'scan_mudros', 'centre': [39.88, 25.27], 'size_m': 2500.0, 'cell_m': 9.7656, 'hmin': -9.0, 'hmax': 54.43867111206055, 'water_frac': 0.434, 'slope_gt20': 0.0, 'buildings': 662, 'roads': 193, 'road_m': 31835, 'landcover': 41, 'towers': 0, 'aeroways': 0, 'harbour': 9, 'coast_pts': 35099}
[scan_airport] DEM z14 ...
[scan_airport] Overpass ...
   http retry 0 https://overpass-api.de/api/interpreter HTTP Error 504: Gateway Timeout
   http retry 1 https://overpass-api.de/api/interpreter HTTP Error 504: Gateway Timeout
   http retry 0 https://overpass.kumi.systems/api/interpreter HTTP Error 500: Internal Server Error
   osm 4744a2a0629e 114
   http retry 0 https://overpass-api.de/api/interpreter HTTP Error 504: Gateway Timeout
   osm df23806754ab 168
   http retry 0 https://overpass-api.de/api/interpreter HTTP Error 504: Gateway Timeout
   http retry 1 https://overpass-api.de/api/interpreter HTTP Error 504: Gateway Timeout
   http retry 0 https://overpass.kumi.systems/api/interpreter HTTP Error 500: Internal Server Error
   http retry 1 https://overpass.kumi.systems/api/interpreter HTTP Error 500: Internal Server Error
