[lemnos_mudros] DEM z14 ...
[lemnos_mudros] Overpass ...
   osm b7d26425b89d 114
   http retry 0 https://overpass-api.de/api/interpreter HTTP Error 504: Gateway Timeout
   osm 9f38b4ee3ec1 579
   http retry 0 https://overpass-api.de/api/interpreter HTTP Error 504: Gateway Timeout
   http retry 1 https://overpass-api.de/api/interpreter HTTP Error 504: Gateway Timeout
   http retry 0 https://overpass.kumi.systems/api/interpreter HTTP Error 500: Internal Server Error
   http retry 1 https://overpass.kumi.systems/api/interpreter HTTP Error 500: Internal Server Error
   !! query failed: [out:json][timeout:120];(way["landuse"](39.868817,25.262217,39.876803,25.272623) network failure https://overpass.kumi.systems/api/interprete
   http retry 0 https://overpass-api.de/api/interpreter HTTP Error 504: Gateway Timeout
   http retry 1 https://overpass-api.de/api/interpreter HTTP Error 504: Gateway Timeout
   http retry 0 https://overpass.kumi.systems/api/interpreter HTTP Error 500: Internal Server Error
   http retry 1 https://overpass.kumi.systems/api/interpreter HTTP Error 500: Internal Server Error
   !! query failed: [out:json][timeout:120];(way["landuse"](39.868817,25.262217,39.876803,25.272623) network failure https://overpass.kumi.systems/api/interprete
   http retry 0 https://overpass-api.de/api/interpreter HTTP Error 504: Gateway Timeout
   osm a60da1b119d0 589
   osm 135cd9f2d813 596
   osm 1bf07444c539 596
   http retry 0 https://overpass-api.de/api/interpreter HTTP Error 504: Gateway Timeout
   http retry 1 https://overpass-api.de/api/interpreter HTTP Error 504: Gateway Timeout
   http retry 0 https://overpass.kumi.systems/api/interpreter HTTP Error 500: Internal Server Error
   http retry 1 https://overpass.kumi.systems/api/interpreter HTTP Error 500: Internal Server Error
   !! query failed: [out:json][timeout:120];(way["waterway"](39.868817,25.262217,39.876803,25.272623 network failure https://overpass.kumi.systems/api/interprete
   http retry 0 https://overpass-api.de/api/interpreter HTTP Error 504: Gateway Timeout
   http retry 1 https://overpass-api.de/api/interpreter HTTP Error 504: Gateway Timeout
   http retry 0 https://overpass.kumi.systems/api/interpreter HTTP Error 500: Internal Server Error
   http retry 1 https://overpass.kumi.systems/api/interpreter HTTP Error 500: Internal Server Error
   !! query failed: [out:json][timeout:120];(way["man_made"](39.868817,25.262217,39.876803,25.272623 network failure https://overpass.kumi.systems/api/interprete
   osm 31f3fc6cd1ff 597
   http retry 0 https://overpass-api.de/api/interpreter HTTP Error 504: Gateway Timeout
   http retry 1 https://overpass-api.de/api/interpreter HTTP Error 504: Gateway Timeout
   http retry 0 https://overpass.kumi.systems/api/interpreter HTTP Error 500: Internal Server Error
   http retry 1 https://overpass.kumi.systems/api/interpreter HTTP Error 500: Internal Server Error
   !! query failed: [out:json][timeout:120];(way["harbour"](39.868817,25.262217,39.876803,25.272623) network failure https://overpass.kumi.systems/api/interprete
   http retry 0 https://overpass-api.de/api/interpreter HTTP Error 504: Gateway Timeout
   http retry 1 https://overpass-api.de/api/interpreter HTTP Error 504: Gateway Timeout
   osm 0116146bd0c7 597
   http retry 0 https://overpass-api.de/api/interpreter HTTP Error 504: Gateway Timeout
   osm d0f1f2e6a92c 597
   osm 4538bdd35c30 605
   osm b298da9d74fe 610
   http retry 0 https://overpass-api.de/api/interpreter HTTP Error 504: Gateway Timeout
   osm 76a02b0f9c9d 611
   http retry 0 https://overpass-api.de/api/interpreter HTTP Error 504: Gateway Timeout
   http retry 1 https://overpass-api.de/api/interpreter HTTP Error 504: Gateway Timeout
   http retry 0 https://overpass.kumi.systems/api/interpreter HTTP Error 500: Internal Server Error
   http retry 1 https://overpass.kumi.systems/api/interpreter HTTP Error 500: Internal Server Error
   !! query failed: [out:json][timeout:120];(way["natural"="coastline"](39.800000,25.200000,39.90000 network failure https://overpass.kumi.systems/api/interprete
attempt 0 failed: 4 Overpass groups failed (cached ones are kept; just re-run): ['04cc4a3e75df', '62f9f51eada2', '6878ee6f7c03', 'eed663493c2d']
[lemnos_mudros] DEM z14 ...
[lemnos_mudros] Overpass ...
   osm b7d26425b89d 114
   osm 9f38b4ee3ec1 579
   osm 30903f172523 612
   osm 1bf07444c539 612
   http retry 0 https://overpass-api.de/api/interpreter HTTP Error 504: Gateway Timeout
   http retry 1 https://overpass-api.de/api/interpreter HTTP Error 504: Gateway Timeout
   osm 62f9f51eada2 621
   osm 6878ee6f7c03 629
   osm 31f3fc6cd1ff 630
   osm f05dd51d44e7 630
   osm 0116146bd0c7 630
   osm d0f1f2e6a92c 630
   osm 4538bdd35c30 638
   osm b298da9d74fe 643
   osm 76a02b0f9c9d 644
   http retry 0 https://overpass-api.de/api/interpreter HTTP Error 504: Gateway Timeout
   http retry 1 https://overpass-api.de/api/interpreter HTTP Error 504: Gateway Timeout
   http retry 0 https://overpass.kumi.systems/api/interpreter HTTP Error 500: Internal Server Error
   http retry 1 https://overpass.kumi.systems/api/interpreter HTTP Error 500: Internal Server Error
   !! query failed: [out:json][timeout:120];(way["natural"="coastline"](39.800000,25.200000,39.90000 network failure https://overpass.kumi.systems/api/interprete
attempt 1 failed: 1 Overpass groups failed (cached ones are kept; just re-run): ['eed663493c2d']
[lemnos_mudros] DEM z14 ...
[lemnos_mudros] Overpass ...
   osm b7d26425b89d 114
   osm 9f38b4ee3ec1 579
   osm 30903f172523 612
   osm 1bf07444c539 612
   osm 62f9f51eada2 621
   osm 6878ee6f7c03 629
   osm 31f3fc6cd1ff 630
   osm f05dd51d44e7 630
   osm 0116146bd0c7 630
   osm d0f1f2e6a92c 630
   osm 4538bdd35c30 638
   osm b298da9d74fe 643
   osm 76a02b0f9c9d 644
   http retry 0 https://overpass-api.de/api/interpreter HTTP Error 504: Gateway Timeout
   osm eed663493c2d 666
    {'id': 'lemnos_mudros', 'centre': [39.87281, 25.26742], 'size_m': 768.0, 'cell_m': 3.0, 'hmin': -9.0, 'hmax': 31.15412139892578, 'water_frac': 0.205, 'slope_gt20': 0.0, 'buildings': 366, 'roads': 90, 'road_m': 9259, 'landcover': 28, 'towers': 0, 'aeroways': 0, 'harbour': 8, 'coast_pts': 25714}
   wrote C:\Users\Robert Walter-Joseph\Code Projects\squall-cove-large\assets\map_lemnos_mudros.json  0.44 MB
[lemnos_airport] DEM z14 ...
[lemnos_airport] Overpass ...
   http retry 0 https://overpass-api.de/api/interpreter HTTP Error 504: Gateway Timeout
   http retry 1 https://overpass-api.de/api/interpreter HTTP Error 504: Gateway Timeout
   http retry 0 https://overpass.kumi.systems/api/interpreter HTTP Error 500: Internal Server Error
   http retry 1 https://overpass.kumi.systems/api/interpreter HTTP Error 500: Internal Server Error
   !! query failed: [out:json][timeout:120];(way["highway"](39.913007,25.230794,39.920993,25.241206) network failure https://overpass.kumi.systems/api/interprete
   osm 09f9a5bee821 9
   osm f19bfc3076ae 9
   osm 6624a93ea154 11
   http retry 0 https://overpass-api.de/api/interpreter HTTP Error 504: Gateway Timeout
   http retry 1 https://overpass-api.de/api/interpreter HTTP Error 504: Gateway Timeout
   http retry 0 https://overpass.kumi.systems/api/interpreter HTTP Error 500: Internal Server Error
   osm 5d4175f8e6f0 13
   http retry 0 https://overpass-api.de/api/interpreter HTTP Error 504: Gateway Timeout
   http retry 1 https://overpass-api.de/api/interpreter HTTP Error 504: Gateway Timeout
   http retry 0 https://overpass.kumi.systems/api/interpreter HTTP Error 500: Internal Server Error
   http retry 1 https://overpass.kumi.systems/api/interpreter HTTP Error 500: Internal Server Error
   !! query failed: [out:json][timeout:120];(relation["natural"~"water|bay|wood|scrub|beach"](39.913 network failure https://overpass.kumi.systems/api/interprete
   osm 378442b3f61b 13
   osm f147a92ab70a 13
   osm cb220d44486a 13
   http retry 0 https://overpass-api.de/api/interpreter HTTP Error 504: Gateway Timeout
   osm 31bc5f92b559 14
   http retry 0 https://overpass-api.de/api/interpreter HTTP Error 504: Gateway Timeout
   http retry 1 https://overpass-api.de/api/interpreter HTTP Error 504: Gateway Timeout
   http retry 0 https://overpass.kumi.systems/api/interpreter The read operation timed out
   http retry 1 https://overpass.kumi.systems/api/interpreter HTTP Error 500: Internal Server Error
   !! query failed: [out:json][timeout:120];(way["man_made"](39.913007,25.230794,39.920993,25.241206 network failure https://overpass.kumi.systems/api/interprete
   http retry 0 https://overpass-api.de/api/interpreter HTTP Error 504: Gateway Timeout
   http retry 1 https://overpass-api.de/api/interpreter HTTP Error 504: Gateway Timeout
   http retry 0 https://overpass.kumi.systems/api/interpreter HTTP Error 500: Internal Server Error
   http retry 1 https://overpass.kumi.systems/api/interpreter HTTP Error 500: Internal Server Error
   !! query failed: [out:json][timeout:120];(way["aeroway"](39.913007,25.230794,39.920993,25.241206) network failure https://overpass.kumi.systems/api/interprete
   http retry 0 https://overpass-api.de/api/interpreter HTTP Error 504: Gateway Timeout
   http retry 1 https://overpass-api.de/api/interpreter HTTP Error 504: Gateway Timeout
   http retry 0 https://overpass.kumi.systems/api/interpreter HTTP Error 500: Internal Server Error
   http retry 1 https://overpass.kumi.systems/api/interpreter HTTP Error 500: Internal Server Error
   !! query failed: [out:json][timeout:120];(way["harbour"](39.913007,25.230794,39.920993,25.241206) network failure https://overpass.kumi.systems/api/interprete
   http retry 0 https://overpass-api.de/api/interpreter HTTP Error 504: Gateway Timeout
   osm b777aa870389 14
   http retry 0 https://overpass-api.de/api/interpreter HTTP Error 504: Gateway Timeout
   http retry 1 https://overpass-api.de/api/interpreter HTTP Error 504: Gateway Timeout
   http retry 0 https://overpass.kumi.systems/api/interpreter HTTP Error 500: Internal Server Error
   http retry 1 https://overpass.kumi.systems/api/interpreter HTTP Error 500: Internal Server Error
   !! query failed: [out:json][timeout:120];(way["power"="line"](39.913007,25.230794,39.920993,25.24 network failure https://overpass.kumi.systems/api/interprete
   http retry 0 https://overpass-api.de/api/interpreter HTTP Error 504: Gateway Timeout
   http retry 1 https://overpass-api.de/api/interpreter HTTP Error 504: Gateway Timeout
   http retry 0 https://overpass.kumi.systems/api/interpreter HTTP Error 500: Internal Server Error
   http retry 1 https://overpass.kumi.systems/api/interpreter HTTP Error 500: Internal Server Error
   !! query failed: [out:json][timeout:120];(way["barrier"="wall"](39.913007,25.230794,39.920993,25. network failure https://overpass.kumi.systems/api/interprete
   http retry 0 https://overpass-api.de/api/interpreter HTTP Error 504: Gateway Timeout
   osm e9bef3196904 14
   http retry 0 https://overpass-api.de/api/interpreter HTTP Error 504: Gateway Timeout
   http retry 1 https://overpass-api.de/api/interpreter HTTP Error 504: Gateway Timeout
   http retry 0 https://overpass.kumi.systems/api/interpreter HTTP Error 500: Internal Server Error
   http retry 1 https://overpass.kumi.systems/api/interpreter HTTP Error 500: Internal Server Error
   !! query failed: [out:json][timeout:120];(node["man_made"~"water_tower|tower|lighthouse|mast|chim network failure https://overpass.kumi.systems/api/interprete
   http retry 0 https://overpass-api.de/api/interpreter HTTP Error 504: Gateway Timeout
   osm c6e88d2c45ed 14
   osm 5ddda5437111 14
   http retry 0 https://overpass-api.de/api/interpreter HTTP Error 504: Gateway Timeout
   http retry 1 https://overpass-api.de/api/interpreter HTTP Error 504: Gateway Timeout
   http retry 0 https://overpass.kumi.systems/api/interpreter HTTP Error 500: Internal Server Error
   http retry 1 https://overpass.kumi.systems/api/interpreter HTTP Error 500: Internal Server Error
   !! query failed: [out:json][timeout:120];(node["place"](39.913007,25.230794,39.920993,25.241206); network failure https://overpass.kumi.systems/api/interprete
   osm 193098b599e0 14
   http retry 0 https://overpass-api.de/api/interpreter HTTP Error 504: Gateway Timeout
   http retry 1 https://overpass-api.de/api/interpreter HTTP Error 504: Gateway Timeout
   http retry 0 https://overpass.kumi.systems/api/interpreter HTTP Error 500: Internal Server Error
   http retry 1 https://overpass.kumi.systems/api/interpreter HTTP Error 500: Internal Server Error
   !! query failed: [out:json][timeout:120];(node["aeroway"](39.913007,25.230794,39.920993,25.241206 network failure https://overpass.kumi.systems/api/interprete
   osm d1a001d83b8b 14
   http retry 0 https://overpass-api.de/api/interpreter HTTP Error 504: Gateway Timeout
   osm ccddf1af5bd7 14
   http retry 0 https://overpass-api.de/api/interpreter HTTP Error 504: Gateway Timeout
   http retry 1 https://overpass-api.de/api/interpreter HTTP Error 504: Gateway Timeout
   http retry 0 https://overpass.kumi.systems/api/interpreter HTTP Error 500: Internal Server Error
   http retry 1 https://overpass.kumi.systems/api/interpreter HTTP Error 500: Internal Server Error
   !! query failed: [out:json][timeout:120];(node["military"](39.913007,25.230794,39.920993,25.24120 network failure https://overpass.kumi.systems/api/interprete
   http retry 0 https://overpass-api.de/api/interpreter HTTP Error 504: Gateway Timeout
   http retry 1 https://overpass-api.de/api/interpreter HTTP Error 504: Gateway Timeout
   http retry 0 https://overpass.kumi.systems/api/interpreter HTTP Error 500: Internal Server Error
   http retry 1 https://overpass.kumi.systems/api/interpreter HTTP Error 500: Internal Server Error
   !! query failed: [out:json][timeout:120];(way["natural"="coastline"](39.850000,25.200000,39.95000 network failure https://overpass.kumi.systems/api/interprete
attempt 0 failed: 5 Overpass groups failed (cached ones are kept; just re-run): ['c134526b5384', '5840e71b3c74', '9ea76f8a7e5d', 'd307ee9c43da', 'c7bc03173f10']
[lemnos_airport] DEM z14 ...
[lemnos_airport] Overpass ...
   http retry 0 https://overpass-api.de/api/interpreter HTTP Error 504: Gateway Timeout
   http retry 1 https://overpass-api.de/api/interpreter HTTP Error 504: Gateway Timeout
   osm 0a0aef8f1e39 9
   osm 6624a93ea154 11
   osm 5d4175f8e6f0 13
   osm 2d4ddc1c167a 13
   osm 31bc5f92b559 14
   http retry 0 https://overpass-api.de/api/interpreter HTTP Error 504: Gateway Timeout
   http retry 1 https://overpass-api.de/api/interpreter HTTP Error 504: Gateway Timeout
   http retry 0 https://overpass.kumi.systems/api/interpreter HTTP Error 500: Internal Server Error
   osm c134526b5384 14
   http retry 0 https://overpass-api.de/api/interpreter HTTP Error 504: Gateway Timeout
   osm 5840e71b3c74 20
   http retry 0 https://overpass-api.de/api/interpreter HTTP Error 504: Gateway Timeout
   http retry 1 https://overpass-api.de/api/interpreter HTTP Error 504: Gateway Timeout
   http retry 0 https://overpass.kumi.systems/api/interpreter HTTP Error 500: Internal Server Error
   http retry 1 https://overpass.kumi.systems/api/interpreter HTTP Error 500: Internal Server Error
   !! query failed: [out:json][timeout:120];(way["harbour"](39.913007,25.230794,39.920993,25.241206) network failure https://overpass.kumi.systems/api/interprete
   osm b777aa870389 20
   http retry 0 https://overpass-api.de/api/interpreter HTTP Error 504: Gateway Timeout
   http retry 1 https://overpass-api.de/api/interpreter HTTP Error 504: Gateway Timeout
   osm 0a419eb0add1 20
   osm e2e963c072c7 20
   osm e9bef3196904 20
   http retry 0 https://overpass-api.de/api/interpreter HTTP Error 504: Gateway Timeout
   http retry 1 https://overpass-api.de/api/interpreter HTTP Error 504: Gateway Timeout
   http retry 0 https://overpass.kumi.systems/api/interpreter HTTP Error 500: Internal Server Error
   http retry 1 https://overpass.kumi.systems/api/interpreter HTTP Error 500: Internal Server Error
   !! query failed: [out:json][timeout:120];(node["man_made"~"water_tower|tower|lighthouse|mast|chim network failure https://overpass.kumi.systems/api/interprete
   osm c6e88d2c45ed 20
   osm 5ddda5437111 20
   http retry 0 https://overpass-api.de/api/interpreter HTTP Error 504: Gateway Timeout
   http retry 1 https://overpass-api.de/api/interpreter HTTP Error 504: Gateway Timeout
   http retry 0 https://overpass.kumi.systems/api/interpreter HTTP Error 500: Internal Server Error
   http retry 1 https://overpass.kumi.systems/api/interpreter HTTP Error 500: Internal Server Error
   !! query failed: [out:json][timeout:120];(node["place"](39.913007,25.230794,39.920993,25.241206); network failure https://overpass.kumi.systems/api/interprete
   osm 193098b599e0 20
   http retry 0 https://overpass-api.de/api/interpreter HTTP Error 504: Gateway Timeout
   http retry 1 https://overpass-api.de/api/interpreter HTTP Error 504: Gateway Timeout
   http retry 0 https://overpass.kumi.systems/api/interpreter HTTP Error 500: Internal Server Error
   http retry 1 https://overpass.kumi.systems/api/interpreter HTTP Error 500: Internal Server Error
   !! query failed: [out:json][timeout:120];(node["aeroway"](39.913007,25.230794,39.920993,25.241206 network failure https://overpass.kumi.systems/api/interprete
   osm d1a001d83b8b 20
   osm ccddf1af5bd7 20
   http retry 0 https://overpass-api.de/api/interpreter HTTP Error 504: Gateway Timeout
   osm d5f63d6750dd 20
   osm c7bc03173f10 37
attempt 1 failed: 2 Overpass groups failed (cached ones are kept; just re-run): ['9ea76f8a7e5d', 'd307ee9c43da']
[lemnos_airport] DEM z14 ...
[lemnos_airport] Overpass ...
   osm 0a0aef8f1e39 9
   osm 6624a93ea154 11
   osm 5d4175f8e6f0 13
   osm 2d4ddc1c167a 13
   osm 31bc5f92b559 14
   osm c134526b5384 14
   osm 5840e71b3c74 20
   http retry 0 https://overpass-api.de/api/interpreter HTTP Error 504: Gateway Timeout
   osm 9acf4b877660 20
   osm b777aa870389 20
   osm 0a419eb0add1 20
   osm e2e963c072c7 20
   osm e9bef3196904 20
   http retry 0 https://overpass-api.de/api/interpreter HTTP Error 504: Gateway Timeout
   http retry 1 https://overpass-api.de/api/interpreter HTTP Error 504: Gateway Timeout
   http retry 0 https://overpass.kumi.systems/api/interpreter HTTP Error 500: Internal Server Error
   http retry 1 https://overpass.kumi.systems/api/interpreter HTTP Error 500: Internal Server Error
   !! query failed: [out:json][timeout:120];(node["man_made"~"water_tower|tower|lighthouse|mast|chim network failure https://overpass.kumi.systems/api/interprete
   osm c6e88d2c45ed 20
   osm 5ddda5437111 20
   osm 9ea76f8a7e5d 20
   osm 193098b599e0 20
   osm d307ee9c43da 20
   osm d1a001d83b8b 20
   osm ccddf1af5bd7 20
   osm d5f63d6750dd 20
   osm c7bc03173f10 37
    {'id': 'lemnos_airport', 'centre': [39.917, 25.236], 'size_m': 768.0, 'cell_m': 3.0, 'hmin': 0.4293380081653595, 'hmax': 8.49007511138916, 'water_frac': 0.0, 'slope_gt20': 0.0, 'buildings': 2, 'roads': 9, 'road_m': 2469, 'landcover': 3, 'towers': 0, 'aeroways': 4, 'harbour': 0, 'coast_pts': 19372}
   wrote C:\Users\Robert Walter-Joseph\Code Projects\squall-cove-large\assets\map_lemnos_airport.json  0.36 MB
